// Jest Snapshot v1, https://goo.gl/fbAQLP

exports[`testing Nutrition Table renders empty view when no data is passed 1`] = `
<View>
  <View
    style={
      Array [
        undefined,
        Object {
          "borderBottomWidth": 1,
          "borderColor": "gray",
          "borderLeftWidth": 1,
        },
      ]
    }
  >
    <View
      style={
        Array [
          undefined,
          0,
          Object {
            "flexDirection": "row",
            "overflow": "hidden",
          },
          Object {
            "backgroundColor": "#f1f8ff",
            "height": 40,
          },
        ]
      }
    >
      <View
        style={
          Array [
            Object {
              "borderColor": "gray",
              "borderRightWidth": 1,
              "borderTopWidth": 1,
            },
            Object {
              "justifyContent": "center",
            },
            undefined,
            undefined,
            Object {
              "flex": 2,
            },
            false,
            undefined,
          ]
        }
      >
        <Text
          style={
            Array [
              Object {
                "textAlign": "left",
              },
              Object {
                "backgroundColor": "transparent",
              },
            ]
          }
        >
           Average nutrional values
        </Text>
      </View>
      <View
        style={
          Array [
            Object {
              "borderColor": "gray",
              "borderRightWidth": 1,
              "borderTopWidth": 1,
            },
            Object {
              "justifyContent": "center",
            },
            undefined,
            undefined,
            Object {
              "flex": 1,
            },
            false,
            undefined,
          ]
        }
      >
        <Text
          style={
            Array [
              Object {
                "textAlign": "left",
              },
              Object {
                "backgroundColor": "transparent",
              },
            ]
          }
        >
           per 100g
        </Text>
      </View>
    </View>
    <View>
      <View
        style={
          Array [
            Object {
              "flex": 3,
            },
            0,
          ]
        }
      >
        <View
          style={
            Array [
              undefined,
              0,
              Object {
                "flexDirection": "row",
                "overflow": "hidden",
              },
              Object {
                "height": 35,
              },
            ]
          }
        >
          <View
            style={
              Array [
                Object {
                  "borderColor": "gray",
                  "borderRightWidth": 1,
                  "borderTopWidth": 1,
                },
                Object {
                  "justifyContent": "center",
                },
                undefined,
                undefined,
                Object {
                  "flex": 2,
                },
                false,
                undefined,
              ]
            }
          >
            <Text
              resizeMode="contain"
              style={
                Array [
                  Object {
                    "textAlign": "left",
                  },
                  Object {
                    "backgroundColor": "transparent",
                  },
                ]
              }
            >
               Calories
            </Text>
          </View>
          <View
            style={
              Array [
                Object {
                  "borderColor": "gray",
                  "borderRightWidth": 1,
                  "borderTopWidth": 1,
                },
                Object {
                  "justifyContent": "center",
                },
                undefined,
                undefined,
                Object {
                  "flex": 1,
                },
                false,
                undefined,
              ]
            }
          >
            <Text
              resizeMode="contain"
              style={
                Array [
                  Object {
                    "textAlign": "left",
                  },
                  Object {
                    "backgroundColor": "transparent",
                  },
                ]
              }
            >
               undefined kcal
            </Text>
          </View>
        </View>
        <View
          style={
            Array [
              undefined,
              0,
              Object {
                "flexDirection": "row",
                "overflow": "hidden",
              },
              Object {
                "height": 35,
              },
            ]
          }
        >
          <View
            style={
              Array [
                Object {
                  "borderColor": "gray",
                  "borderRightWidth": 1,
                  "borderTopWidth": 1,
                },
                Object {
                  "justifyContent": "center",
                },
                undefined,
                undefined,
                Object {
                  "flex": 2,
                },
                false,
                undefined,
              ]
            }
          >
            <Text
              resizeMode="contain"
              style={
                Array [
                  Object {
                    "textAlign": "left",
                  },
                  Object {
                    "backgroundColor": "transparent",
                  },
                ]
              }
            >
               Fat
            </Text>
          </View>
          <View
            style={
              Array [
                Object {
                  "borderColor": "gray",
                  "borderRightWidth": 1,
                  "borderTopWidth": 1,
                },
                Object {
                  "justifyContent": "center",
                },
                undefined,
                undefined,
                Object {
                  "flex": 1,
                },
                false,
                undefined,
              ]
            }
          >
            <Text
              resizeMode="contain"
              style={
                Array [
                  Object {
                    "textAlign": "left",
                  },
                  Object {
                    "backgroundColor": "transparent",
                  },
                ]
              }
            >
               undefined g
            </Text>
          </View>
        </View>
        <View
          style={
            Array [
              undefined,
              0,
              Object {
                "flexDirection": "row",
                "overflow": "hidden",
              },
              Object {
                "height": 35,
              },
            ]
          }
        >
          <View
            style={
              Array [
                Object {
                  "borderColor": "gray",
                  "borderRightWidth": 1,
                  "borderTopWidth": 1,
                },
                Object {
                  "justifyContent": "center",
                },
                undefined,
                undefined,
                Object {
                  "flex": 2,
                },
                false,
                undefined,
              ]
            }
          >
            <Text
              resizeMode="contain"
              style={
                Array [
                  Object {
                    "textAlign": "left",
                  },
                  Object {
                    "backgroundColor": "transparent",
                  },
                ]
              }
            >
               Saturated fat
            </Text>
          </View>
          <View
            style={
              Array [
                Object {
                  "borderColor": "gray",
                  "borderRightWidth": 1,
                  "borderTopWidth": 1,
                },
                Object {
                  "justifyContent": "center",
                },
                undefined,
                undefined,
                Object {
                  "flex": 1,
                },
                false,
                undefined,
              ]
            }
          >
            <Text
              resizeMode="contain"
              style={
                Array [
                  Object {
                    "textAlign": "left",
                  },
                  Object {
                    "backgroundColor": "transparent",
                  },
                ]
              }
            >
               undefined g
            </Text>
          </View>
        </View>
        <View
          style={
            Array [
              undefined,
              0,
              Object {
                "flexDirection": "row",
                "overflow": "hidden",
              },
              Object {
                "height": 35,
              },
            ]
          }
        >
          <View
            style={
              Array [
                Object {
                  "borderColor": "gray",
                  "borderRightWidth": 1,
                  "borderTopWidth": 1,
                },
                Object {
                  "justifyContent": "center",
                },
                undefined,
                undefined,
                Object {
                  "flex": 2,
                },
                false,
                undefined,
              ]
            }
          >
            <Text
              resizeMode="contain"
              style={
                Array [
                  Object {
                    "textAlign": "left",
                  },
                  Object {
                    "backgroundColor": "transparent",
                  },
                ]
              }
            >
               Carbohydrates
            </Text>
          </View>
          <View
            style={
              Array [
                Object {
                  "borderColor": "gray",
                  "borderRightWidth": 1,
                  "borderTopWidth": 1,
                },
                Object {
                  "justifyContent": "center",
                },
                undefined,
                undefined,
                Object {
                  "flex": 1,
                },
                false,
                undefined,
              ]
            }
          >
            <Text
              resizeMode="contain"
              style={
                Array [
                  Object {
                    "textAlign": "left",
                  },
                  Object {
                    "backgroundColor": "transparent",
                  },
                ]
              }
            >
               undefined g
            </Text>
          </View>
        </View>
        <View
          style={
            Array [
              undefined,
              0,
              Object {
                "flexDirection": "row",
                "overflow": "hidden",
              },
              Object {
                "height": 35,
              },
            ]
          }
        >
          <View
            style={
              Array [
                Object {
                  "borderColor": "gray",
                  "borderRightWidth": 1,
                  "borderTopWidth": 1,
                },
                Object {
                  "justifyContent": "center",
                },
                undefined,
                undefined,
                Object {
                  "flex": 2,
                },
                false,
                undefined,
              ]
            }
          >
            <Text
              resizeMode="contain"
              style={
                Array [
                  Object {
                    "textAlign": "left",
                  },
                  Object {
                    "backgroundColor": "transparent",
                  },
                ]
              }
            >
               Sugar
            </Text>
          </View>
          <View
            style={
              Array [
                Object {
                  "borderColor": "gray",
                  "borderRightWidth": 1,
                  "borderTopWidth": 1,
                },
                Object {
                  "justifyContent": "center",
                },
                undefined,
                undefined,
                Object {
                  "flex": 1,
                },
                false,
                undefined,
              ]
            }
          >
            <Text
              resizeMode="contain"
              style={
                Array [
                  Object {
                    "textAlign": "left",
                  },
                  Object {
                    "backgroundColor": "transparent",
                  },
                ]
              }
            >
               undefined g
            </Text>
          </View>
        </View>
        <View
          style={
            Array [
              undefined,
              0,
              Object {
                "flexDirection": "row",
                "overflow": "hidden",
              },
              Object {
                "height": 35,
              },
            ]
          }
        >
          <View
            style={
              Array [
                Object {
                  "borderColor": "gray",
                  "borderRightWidth": 1,
                  "borderTopWidth": 1,
                },
                Object {
                  "justifyContent": "center",
                },
                undefined,
                undefined,
                Object {
                  "flex": 2,
                },
                false,
                undefined,
              ]
            }
          >
            <Text
              resizeMode="contain"
              style={
                Array [
                  Object {
                    "textAlign": "left",
                  },
                  Object {
                    "backgroundColor": "transparent",
                  },
                ]
              }
            >
               Protein
            </Text>
          </View>
          <View
            style={
              Array [
                Object {
                  "borderColor": "gray",
                  "borderRightWidth": 1,
                  "borderTopWidth": 1,
                },
                Object {
                  "justifyContent": "center",
                },
                undefined,
                undefined,
                Object {
                  "flex": 1,
                },
                false,
                undefined,
              ]
            }
          >
            <Text
              resizeMode="contain"
              style={
                Array [
                  Object {
                    "textAlign": "left",
                  },
                  Object {
                    "backgroundColor": "transparent",
                  },
                ]
              }
            >
               undefined g
            </Text>
          </View>
        </View>
        <View
          style={
            Array [
              undefined,
              0,
              Object {
                "flexDirection": "row",
                "overflow": "hidden",
              },
              Object {
                "height": 35,
              },
            ]
          }
        >
          <View
            style={
              Array [
                Object {
                  "borderColor": "gray",
                  "borderRightWidth": 1,
                  "borderTopWidth": 1,
                },
                Object {
                  "justifyContent": "center",
                },
                undefined,
                undefined,
                Object {
                  "flex": 2,
                },
                false,
                undefined,
              ]
            }
          >
            <Text
              resizeMode="contain"
              style={
                Array [
                  Object {
                    "textAlign": "left",
                  },
                  Object {
                    "backgroundColor": "transparent",
                  },
                ]
              }
            >
               Salt
            </Text>
          </View>
          <View
            style={
              Array [
                Object {
                  "borderColor": "gray",
                  "borderRightWidth": 1,
                  "borderTopWidth": 1,
                },
                Object {
                  "justifyContent": "center",
                },
                undefined,
                undefined,
                Object {
                  "flex": 1,
                },
                false,
                undefined,
              ]
            }
          >
            <Text
              resizeMode="contain"
              style={
                Array [
                  Object {
                    "textAlign": "left",
                  },
                  Object {
                    "backgroundColor": "transparent",
                  },
                ]
              }
            >
               undefined g
            </Text>
          </View>
        </View>
      </View>
    </View>
  </View>
</View>
`;

exports[`testing Nutrition Table renders table for passed data 1`] = `
<View>
  <View
    style={
      Array [
        undefined,
        Object {
          "borderBottomWidth": 1,
          "borderColor": "gray",
          "borderLeftWidth": 1,
        },
      ]
    }
  >
    <View
      style={
        Array [
          undefined,
          0,
          Object {
            "flexDirection": "row",
            "overflow": "hidden",
          },
          Object {
            "backgroundColor": "#f1f8ff",
            "height": 40,
          },
        ]
      }
    >
      <View
        style={
          Array [
            Object {
              "borderColor": "gray",
              "borderRightWidth": 1,
              "borderTopWidth": 1,
            },
            Object {
              "justifyContent": "center",
            },
            undefined,
            undefined,
            Object {
              "flex": 2,
            },
            false,
            undefined,
          ]
        }
      >
        <Text
          style={
            Array [
              Object {
                "textAlign": "left",
              },
              Object {
                "backgroundColor": "transparent",
              },
            ]
          }
        >
           Average nutrional values
        </Text>
      </View>
      <View
        style={
          Array [
            Object {
              "borderColor": "gray",
              "borderRightWidth": 1,
              "borderTopWidth": 1,
            },
            Object {
              "justifyContent": "center",
            },
            undefined,
            undefined,
            Object {
              "flex": 1,
            },
            false,
            undefined,
          ]
        }
      >
        <Text
          style={
            Array [
              Object {
                "textAlign": "left",
              },
              Object {
                "backgroundColor": "transparent",
              },
            ]
          }
        >
           per 100g
        </Text>
      </View>
    </View>
    <View>
      <View
        style={
          Array [
            Object {
              "flex": 3,
            },
            0,
          ]
        }
      >
        <View
          style={
            Array [
              undefined,
              0,
              Object {
                "flexDirection": "row",
                "overflow": "hidden",
              },
              Object {
                "height": 35,
              },
            ]
          }
        >
          <View
            style={
              Array [
                Object {
                  "borderColor": "gray",
                  "borderRightWidth": 1,
                  "borderTopWidth": 1,
                },
                Object {
                  "justifyContent": "center",
                },
                undefined,
                undefined,
                Object {
                  "flex": 2,
                },
                false,
                undefined,
              ]
            }
          >
            <Text
              resizeMode="contain"
              style={
                Array [
                  Object {
                    "textAlign": "left",
                  },
                  Object {
                    "backgroundColor": "transparent",
                  },
                ]
              }
            >
               Calories
            </Text>
          </View>
          <View
            style={
              Array [
                Object {
                  "borderColor": "gray",
                  "borderRightWidth": 1,
                  "borderTopWidth": 1,
                },
                Object {
                  "justifyContent": "center",
                },
                undefined,
                undefined,
                Object {
                  "flex": 1,
                },
                false,
                undefined,
              ]
            }
          >
            <Text
              resizeMode="contain"
              style={
                Array [
                  Object {
                    "textAlign": "left",
                  },
                  Object {
                    "backgroundColor": "transparent",
                  },
                ]
              }
            >
               undefined kcal
            </Text>
          </View>
        </View>
        <View
          style={
            Array [
              undefined,
              0,
              Object {
                "flexDirection": "row",
                "overflow": "hidden",
              },
              Object {
                "height": 35,
              },
            ]
          }
        >
          <View
            style={
              Array [
                Object {
                  "borderColor": "gray",
                  "borderRightWidth": 1,
                  "borderTopWidth": 1,
                },
                Object {
                  "justifyContent": "center",
                },
                undefined,
                undefined,
                Object {
                  "flex": 2,
                },
                false,
                undefined,
              ]
            }
          >
            <Text
              resizeMode="contain"
              style={
                Array [
                  Object {
                    "textAlign": "left",
                  },
                  Object {
                    "backgroundColor": "transparent",
                  },
                ]
              }
            >
               Fat
            </Text>
          </View>
          <View
            style={
              Array [
                Object {
                  "borderColor": "gray",
                  "borderRightWidth": 1,
                  "borderTopWidth": 1,
                },
                Object {
                  "justifyContent": "center",
                },
                undefined,
                undefined,
                Object {
                  "flex": 1,
                },
                false,
                undefined,
              ]
            }
          >
            <Text
              resizeMode="contain"
              style={
                Array [
                  Object {
                    "textAlign": "left",
                  },
                  Object {
                    "backgroundColor": "transparent",
                  },
                ]
              }
            >
               undefined g
            </Text>
          </View>
        </View>
        <View
          style={
            Array [
              undefined,
              0,
              Object {
                "flexDirection": "row",
                "overflow": "hidden",
              },
              Object {
                "height": 35,
              },
            ]
          }
        >
          <View
            style={
              Array [
                Object {
                  "borderColor": "gray",
                  "borderRightWidth": 1,
                  "borderTopWidth": 1,
                },
                Object {
                  "justifyContent": "center",
                },
                undefined,
                undefined,
                Object {
                  "flex": 2,
                },
                false,
                undefined,
              ]
            }
          >
            <Text
              resizeMode="contain"
              style={
                Array [
                  Object {
                    "textAlign": "left",
                  },
                  Object {
                    "backgroundColor": "transparent",
                  },
                ]
              }
            >
               Saturated fat
            </Text>
          </View>
          <View
            style={
              Array [
                Object {
                  "borderColor": "gray",
                  "borderRightWidth": 1,
                  "borderTopWidth": 1,
                },
                Object {
                  "justifyContent": "center",
                },
                undefined,
                undefined,
                Object {
                  "flex": 1,
                },
                false,
                undefined,
              ]
            }
          >
            <Text
              resizeMode="contain"
              style={
                Array [
                  Object {
                    "textAlign": "left",
                  },
                  Object {
                    "backgroundColor": "transparent",
                  },
                ]
              }
            >
               undefined g
            </Text>
          </View>
        </View>
        <View
          style={
            Array [
              undefined,
              0,
              Object {
                "flexDirection": "row",
                "overflow": "hidden",
              },
              Object {
                "height": 35,
              },
            ]
          }
        >
          <View
            style={
              Array [
                Object {
                  "borderColor": "gray",
                  "borderRightWidth": 1,
                  "borderTopWidth": 1,
                },
                Object {
                  "justifyContent": "center",
                },
                undefined,
                undefined,
                Object {
                  "flex": 2,
                },
                false,
                undefined,
              ]
            }
          >
            <Text
              resizeMode="contain"
              style={
                Array [
                  Object {
                    "textAlign": "left",
                  },
                  Object {
                    "backgroundColor": "transparent",
                  },
                ]
              }
            >
               Carbohydrates
            </Text>
          </View>
          <View
            style={
              Array [
                Object {
                  "borderColor": "gray",
                  "borderRightWidth": 1,
                  "borderTopWidth": 1,
                },
                Object {
                  "justifyContent": "center",
                },
                undefined,
                undefined,
                Object {
                  "flex": 1,
                },
                false,
                undefined,
              ]
            }
          >
            <Text
              resizeMode="contain"
              style={
                Array [
                  Object {
                    "textAlign": "left",
                  },
                  Object {
                    "backgroundColor": "transparent",
                  },
                ]
              }
            >
               undefined g
            </Text>
          </View>
        </View>
        <View
          style={
            Array [
              undefined,
              0,
              Object {
                "flexDirection": "row",
                "overflow": "hidden",
              },
              Object {
                "height": 35,
              },
            ]
          }
        >
          <View
            style={
              Array [
                Object {
                  "borderColor": "gray",
                  "borderRightWidth": 1,
                  "borderTopWidth": 1,
                },
                Object {
                  "justifyContent": "center",
                },
                undefined,
                undefined,
                Object {
                  "flex": 2,
                },
                false,
                undefined,
              ]
            }
          >
            <Text
              resizeMode="contain"
              style={
                Array [
                  Object {
                    "textAlign": "left",
                  },
                  Object {
                    "backgroundColor": "transparent",
                  },
                ]
              }
            >
               Sugar
            </Text>
          </View>
          <View
            style={
              Array [
                Object {
                  "borderColor": "gray",
                  "borderRightWidth": 1,
                  "borderTopWidth": 1,
                },
                Object {
                  "justifyContent": "center",
                },
                undefined,
                undefined,
                Object {
                  "flex": 1,
                },
                false,
                undefined,
              ]
            }
          >
            <Text
              resizeMode="contain"
              style={
                Array [
                  Object {
                    "textAlign": "left",
                  },
                  Object {
                    "backgroundColor": "transparent",
                  },
                ]
              }
            >
               undefined g
            </Text>
          </View>
        </View>
        <View
          style={
            Array [
              undefined,
              0,
              Object {
                "flexDirection": "row",
                "overflow": "hidden",
              },
              Object {
                "height": 35,
              },
            ]
          }
        >
          <View
            style={
              Array [
                Object {
                  "borderColor": "gray",
                  "borderRightWidth": 1,
                  "borderTopWidth": 1,
                },
                Object {
                  "justifyContent": "center",
                },
                undefined,
                undefined,
                Object {
                  "flex": 2,
                },
                false,
                undefined,
              ]
            }
          >
            <Text
              resizeMode="contain"
              style={
                Array [
                  Object {
                    "textAlign": "left",
                  },
                  Object {
                    "backgroundColor": "transparent",
                  },
                ]
              }
            >
               Protein
            </Text>
          </View>
          <View
            style={
              Array [
                Object {
                  "borderColor": "gray",
                  "borderRightWidth": 1,
                  "borderTopWidth": 1,
                },
                Object {
                  "justifyContent": "center",
                },
                undefined,
                undefined,
                Object {
                  "flex": 1,
                },
                false,
                undefined,
              ]
            }
          >
            <Text
              resizeMode="contain"
              style={
                Array [
                  Object {
                    "textAlign": "left",
                  },
                  Object {
                    "backgroundColor": "transparent",
                  },
                ]
              }
            >
               undefined g
            </Text>
          </View>
        </View>
        <View
          style={
            Array [
              undefined,
              0,
              Object {
                "flexDirection": "row",
                "overflow": "hidden",
              },
              Object {
                "height": 35,
              },
            ]
          }
        >
          <View
            style={
              Array [
                Object {
                  "borderColor": "gray",
                  "borderRightWidth": 1,
                  "borderTopWidth": 1,
                },
                Object {
                  "justifyContent": "center",
                },
                undefined,
                undefined,
                Object {
                  "flex": 2,
                },
                false,
                undefined,
              ]
            }
          >
            <Text
              resizeMode="contain"
              style={
                Array [
                  Object {
                    "textAlign": "left",
                  },
                  Object {
                    "backgroundColor": "transparent",
                  },
                ]
              }
            >
               Salt
            </Text>
          </View>
          <View
            style={
              Array [
                Object {
                  "borderColor": "gray",
                  "borderRightWidth": 1,
                  "borderTopWidth": 1,
                },
                Object {
                  "justifyContent": "center",
                },
                undefined,
                undefined,
                Object {
                  "flex": 1,
                },
                false,
                undefined,
              ]
            }
          >
            <Text
              resizeMode="contain"
              style={
                Array [
                  Object {
                    "textAlign": "left",
                  },
                  Object {
                    "backgroundColor": "transparent",
                  },
                ]
              }
            >
               undefined g
            </Text>
          </View>
        </View>
      </View>
    </View>
  </View>
</View>
`;
