// Jest Snapshot v1, https://goo.gl/fbAQLP

exports[`renders correctly 1`] = `<View />`;

exports[`renders ingredients 1`] = `<View />`;
